[MAIN] Step 1: started
[createWindow] Step 1: entered title='My Application' 1536x864
[wireCallbacks] Step 1: entered
[wireCallbacks] Step 2: onPaint wired
[wireCallbacks] Step 3: onResize wired
[wireCallbacks] Step 4: onMouseDown wired
[wireCallbacks] Step 5: onMouseUp wired
[wireCallbacks] Step 6: onMouseMove wired
[wireCallbacks] Step 7: onMouseWheel wired
[wireCallbacks] Step 8: onRightClick wired
[wireCallbacks] Step 9: onKeyDown wired
[wireCallbacks] Step 10: onMouseLeave wired
[wireCallbacks] Step 11: onChar wired
[wireCallbacks] Step 12: onTimer wired
[wireCallbacks] Step 13: onNonClientMouseDown wired
[wireCallbacks] Step 14: done
[wireCallbacks] Step 15: onGLContextLost wired
[createWindow] Step 2: wireCallbacks done
[PlatformWindow::create] Step 1: entered
[PlatformWindow::create] Step 2: class registered
[WM_SIZE] called
[PlatformWindow::create] Step 3: HWND=valid
[PlatformWindow::create] Step 4: client size=1536x845
[PlatformWindow::create] Step 5: creating D3DDevice
[PlatformWindow::create] Step 6: D3DDevice created
[PlatformWindow::create] Step 7: creating RenderLoop
[PlatformWindow::create] Step 8: done (render loop not started yet)
[createWindow] Step 3: window.create done, valid=1
[createWindow] Step 4: dc=valid dwrite=valid
[createWindow] Step 5: DWrite factory set
[createWindow] Step 6: running initial layout 1536x845
[createWindow] Step 7: layout done root: x=0 y=0 w=1536 h=845
[createWindow] Step 8: processing pendingTimers count=0
[createWindow] Step 9: starting render loop
[PlatformWindow::startRenderLoop] starting
[RenderLoop::markDirty] called from:
  [0] 0x00007FF614CB592D
  [1] 0x00007FF614CAA980
  [2] 0x00007FF614C71A1E
  [3] 0x00007FF614C2F198
  [4] 0x00007FF614D5B662
  [5] 0x00007FF614D5B552
  [6] 0x00007FF614D5B40E
  [7] 0x00007FF614D5B6FE
  [8] 0x00007FFD049CE957
  [9] 0x00007FFD055C7C1C

[PlatformWindow::startRenderLoop] done
[createWindow] Step 10: done
[runLoop] waiting waitMs=INFINITE continuous=0 paintDirty=1 layoutDirty=0
[runLoop] shouldPaint=1
[onFrame] START
[onFrame] beginDraw done, calling onPaint
[onPaint] root: x=0 y=0 w=1536 h=845 children=1
[onPaint] page child: x=0 y=0 w=1536 h=845
[WM_SIZE] called
[onFrame] onPaint returned
[WM_MOUSEMOVE] x=796 y=607
[PlatformWindow::invalidate] called
[RenderLoop::markDirty] called from:
  [0] 0x00007FF614CB592D
  [1] 0x00007FF614CAAC11
  [2] 0x00007FF614CAC329
  [3] 0x00007FFD032CC396
  [4] 0x00007FFD032CA7ED
  [5] 0x00007FF614CAAB80
  [6] 0x00007FF614C71ABB
  [7] 0x00007FF614C2F2F3
  [8] 0x00007FF614D5B662
  [9] 0x00007FF614D5B552

[WM_PAINT] called
[onFrame] END present hr=0x00000000
[runLoop] waiting waitMs=INFINITE continuous=0 paintDirty=1 layoutDirty=1
[runLoop] handling resize 1536x793
[onResize] 1536x793
[WM_MOUSEMOVE] x=796 y=607
[onResize] done
[runLoop] running layout
[onLayout] called
[onLayout] done
[runLoop] shouldPaint=1
[onFrame] START
[onFrame] beginDraw done, calling onPaint
[onPaint] root: x=0 y=0 w=1536 h=793 children=1
[onPaint] page child: x=0 y=0 w=1536 h=793
[onFrame] onPaint returned
[onFrame] END present hr=0x00000000
[runLoop] waiting waitMs=INFINITE continuous=0 paintDirty=0 layoutDirty=0
[WM_MOUSEMOVE] x=795 y=606
[WM_MOUSEMOVE] x=795 y=605
[WM_MOUSEMOVE] x=794 y=605
[WM_MOUSEMOVE] x=794 y=604
[WM_MOUSEMOVE] x=795 y=604
[WM_MOUSEMOVE] x=796 y=604
[WM_MOUSEMOVE] x=799 y=606
[WM_MOUSEMOVE] x=806 y=608
[WM_MOUSEMOVE] x=815 y=611
[WM_MOUSEMOVE] x=826 y=619
[WM_MOUSEMOVE] x=841 y=628
[WM_MOUSEMOVE] x=854 y=639
[WM_MOUSEMOVE] x=866 y=652
[WM_MOUSEMOVE] x=878 y=667
[WM_MOUSEMOVE] x=887 y=679
[WM_MOUSEMOVE] x=893 y=688
[WM_MOUSEMOVE] x=896 y=697
[WM_MOUSEMOVE] x=899 y=703
[WM_MOUSEMOVE] x=900 y=708
[WM_MOUSEMOVE] x=902 y=714
[WM_MOUSEMOVE] x=902 y=719
[WM_MOUSEMOVE] x=902 y=725
[WM_MOUSEMOVE] x=902 y=729
[WM_MOUSEMOVE] x=902 y=733
[WM_MOUSEMOVE] x=902 y=736
[WM_MOUSEMOVE] x=902 y=739
[WM_MOUSEMOVE] x=902 y=741
[WM_MOUSEMOVE] x=906 y=743
[WM_MOUSEMOVE] x=910 y=745
[WM_MOUSEMOVE] x=915 y=747
[WM_MOUSEMOVE] x=920 y=748
[WM_MOUSEMOVE] x=924 y=750
[WM_MOUSEMOVE] x=928 y=753
[WM_MOUSEMOVE] x=931 y=754
[WM_MOUSEMOVE] x=934 y=755
[WM_MOUSEMOVE] x=936 y=757
[WM_MOUSEMOVE] x=938 y=757
[WM_MOUSEMOVE] x=941 y=759
[WM_MOUSEMOVE] x=943 y=760
[WM_MOUSEMOVE] x=946 y=761
[WM_MOUSEMOVE] x=947 y=763
[WM_MOUSEMOVE] x=950 y=765
[WM_MOUSEMOVE] x=951 y=767
[WM_MOUSEMOVE] x=954 y=769
[WM_MOUSEMOVE] x=955 y=770
[WM_MOUSEMOVE] x=957 y=773
[WM_MOUSEMOVE] x=958 y=775
[WM_MOUSEMOVE] x=959 y=778
[WM_MOUSEMOVE] x=961 y=780
[WM_MOUSEMOVE] x=962 y=782
[WM_MOUSEMOVE] x=963 y=785
[WM_MOUSEMOVE] x=965 y=787
[WM_MOUSEMOVE] x=966 y=790
[WM_MOUSEMOVE] x=967 y=792
[PlatformWindow::invalidate] called
[RenderLoop::markDirty] called from:
  [0] 0x00007FF614CB592D
  [1] 0x00007FF614CAAC11
  [2] 0x00007FF614CAC378
  [3] 0x00007FFD032CC396
  [4] 0x00007FFD032CA7ED
  [5] 0x00007FF614CAAB80
  [6] 0x00007FF614C71ABB
  [7] 0x00007FF614C2F2F3
  [8] 0x00007FF614D5B662
  [9] 0x00007FF614D5B552

[runLoop] shouldPaint=1
[onFrame] START
[onFrame] beginDraw done, calling onPaint
[onPaint] root: x=0 y=0 w=1536 h=793 children=1
[onPaint] page child: x=0 y=0 w=1536 h=793
[onFrame] onPaint returned
[onFrame] END present hr=0x00000000
[runLoop] waiting waitMs=INFINITE continuous=0 paintDirty=0 layoutDirty=0
[WM_MOUSEMOVE] x=949 y=783
[PlatformWindow::invalidate] called
[RenderLoop::markDirty] called from:
  [0] 0x00007FF614CB592D
  [1] 0x00007FF614CAAC11
  [2] 0x00007FF614CAC329
  [3] 0x00007FFD032CC396
  [4] 0x00007FFD032CA7ED
  [5] 0x00007FF614CAAB80
  [6] 0x00007FF614C71ABB
  [7] 0x00007FF614C2F2F3
  [8] 0x00007FF614D5B662
  [9] 0x00007FF614D5B552

[runLoop] shouldPaint=1
[onFrame] START
[onFrame] beginDraw done, calling onPaint
[onPaint] root: x=0 y=0 w=1536 h=793 children=1
[onPaint] page child: x=0 y=0 w=1536 h=793
[onFrame] onPaint returned
[WM_MOUSEMOVE] x=920 y=755
[onFrame] END present hr=0x00000000
[runLoop] waiting waitMs=INFINITE continuous=0 paintDirty=0 layoutDirty=0
[WM_MOUSEMOVE] x=889 y=723
[WM_MOUSEMOVE] x=861 y=690
[WM_MOUSEMOVE] x=838 y=662
[WM_MOUSEMOVE] x=818 y=639
[WM_MOUSEMOVE] x=800 y=614
[WM_MOUSEMOVE] x=784 y=592
[WM_MOUSEMOVE] x=770 y=575
[WM_MOUSEMOVE] x=758 y=563
[WM_MOUSEMOVE] x=745 y=551
[WM_MOUSEMOVE] x=731 y=543
[WM_MOUSEMOVE] x=720 y=535
[WM_MOUSEMOVE] x=709 y=527
[WM_MOUSEMOVE] x=698 y=522
[WM_MOUSEMOVE] x=686 y=515
[WM_MOUSEMOVE] x=672 y=508
[WM_MOUSEMOVE] x=656 y=499
[WM_MOUSEMOVE] x=635 y=488
[WM_MOUSEMOVE] x=610 y=479
[WM_MOUSEMOVE] x=582 y=450
[WM_MOUSEMOVE] x=545 y=419
[WM_MOUSEMOVE] x=509 y=385
[WM_MOUSEMOVE] x=469 y=345
[WM_MOUSEMOVE] x=427 y=310
[WM_MOUSEMOVE] x=392 y=273
[WM_MOUSEMOVE] x=358 y=236
[WM_MOUSEMOVE] x=329 y=207
[WM_MOUSEMOVE] x=302 y=181
[WM_MOUSEMOVE] x=280 y=155
[WM_MOUSEMOVE] x=258 y=127
[WM_MOUSEMOVE] x=236 y=104
[WM_MOUSEMOVE] x=215 y=83
[WM_MOUSEMOVE] x=200 y=68
[WM_MOUSEMOVE] x=182 y=54
[WM_MOUSEMOVE] x=168 y=42
[WM_MOUSEMOVE] x=157 y=34
[PlatformWindow::invalidate] called
[RenderLoop::markDirty] called from:
  [0] 0x00007FF614CB592D
  [1] 0x00007FF614CAAC11
  [2] 0x00007FF614CAC329
  [3] 0x00007FFD032CC396
  [4] 0x00007FFD032CA7ED
  [5] 0x00007FF614CAAB80
  [6] 0x00007FF614C71ABB
  [7] 0x00007FF614C2F2F3
  [8] 0x00007FF614D5B662
  [9] 0x00007FF614D5B552

[runLoop] shouldPaint=1
[onFrame] START
[onFrame] beginDraw done, calling onPaint
[onPaint] root: x=0 y=0 w=1536 h=793 children=1
[onPaint] page child: x=0 y=0 w=1536 h=793
[onFrame] onPaint returned
[onFrame] END present hr=0x00000000
[runLoop] waiting waitMs=INFINITE continuous=0 paintDirty=0 layoutDirty=0
[WM_MOUSEMOVE] x=146 y=26
[WM_MOUSEMOVE] x=134 y=20
[WM_MOUSEMOVE] x=122 y=15
[WM_MOUSEMOVE] x=110 y=14
[WM_MOUSEMOVE] x=100 y=11
[WM_MOUSEMOVE] x=90 y=11
[WM_MOUSEMOVE] x=85 y=10
[WM_MOUSEMOVE] x=81 y=10
[WM_MOUSEMOVE] x=78 y=10
[WM_MOUSEMOVE] x=76 y=10
[WM_MOUSEMOVE] x=74 y=10
[WM_MOUSEMOVE] x=72 y=10
[WM_MOUSEMOVE] x=72 y=11
[WM_MOUSEMOVE] x=71 y=11
[WM_MOUSEMOVE] x=70 y=11
[WM_MOUSEMOVE] x=70 y=12
[WM_MOUSEMOVE] x=70 y=12
[WM_MOUSEMOVE] x=70 y=13
[WM_MOUSEMOVE] x=69 y=14
[WM_MOUSEMOVE] x=68 y=15
[WM_MOUSEMOVE] x=67 y=19
[WM_MOUSEMOVE] x=66 y=24
[PlatformWindow::invalidate] called
[RenderLoop::markDirty] called from:
  [0] 0x00007FF614CB592D
  [1] 0x00007FF614CAAC11
  [2] 0x00007FF614CAC329
  [3] 0x00007FFD032CC396
  [4] 0x00007FFD032CA7ED
  [5] 0x00007FF614CAAB80
  [6] 0x00007FF614C71ABB
  [7] 0x00007FF614C2F2F3
  [8] 0x00007FF614D5B662
  [9] 0x00007FF614D5B552

[runLoop] shouldPaint=1
[onFrame] START
[onFrame] beginDraw done, calling onPaint
[onPaint] root: x=0 y=0 w=1536 h=793 children=1
[onPaint] page child: x=0 y=0 w=1536 h=793
[onFrame] onPaint returned
[onFrame] END present hr=0x00000000
[runLoop] waiting waitMs=INFINITE continuous=0 paintDirty=0 layoutDirty=0
[WM_MOUSEMOVE] x=62 y=35
[WM_MOUSEMOVE] x=58 y=51
[WM_MOUSEMOVE] x=53 y=65
[PlatformWindow::invalidate] called
[RenderLoop::markDirty] called from:
  [0] 0x00007FF614CB592D
  [1] 0x00007FF614CAAC11
  [2] 0x00007FF614CAC329
  [3] 0x00007FFD032CC396
  [4] 0x00007FFD032CA7ED
  [5] 0x00007FF614CAAB80
  [6] 0x00007FF614C71ABB
  [7] 0x00007FF614C2F2F3
  [8] 0x00007FF614D5B662
  [9] 0x00007FF614D5B552

[runLoop] shouldPaint=1
[onFrame] START
[onFrame] beginDraw done, calling onPaint
[onPaint] root: x=0 y=0 w=1536 h=793 children=1
[onPaint] page child: x=0 y=0 w=1536 h=793
[onFrame] onPaint returned
[onFrame] END present hr=0x00000000
[runLoop] waiting waitMs=INFINITE continuous=0 paintDirty=0 layoutDirty=0
[WM_MOUSEMOVE] x=50 y=76
[PlatformWindow::invalidate] called
[RenderLoop::markDirty] called from:
  [0] 0x00007FF614CB592D
  [1] 0x00007FF614CAAC11
  [2] 0x00007FF614CAC329
  [3] 0x00007FFD032CC396
  [4] 0x00007FFD032CA7ED
  [5] 0x00007FF614CAAB80
  [6] 0x00007FF614C71ABB
  [7] 0x00007FF614C2F2F3
  [8] 0x00007FF614D5B662
  [9] 0x00007FF614D5B552

[runLoop] shouldPaint=1
[onFrame] START
[onFrame] beginDraw done, calling onPaint
[onPaint] root: x=0 y=0 w=1536 h=793 children=1
[onPaint] page child: x=0 y=0 w=1536 h=793
[onFrame] onPaint returned
[onFrame] END present hr=0x00000000
[runLoop] waiting waitMs=INFINITE continuous=0 paintDirty=0 layoutDirty=0
[WM_MOUSEMOVE] x=48 y=87
[PlatformWindow::invalidate] called
[RenderLoop::markDirty] called from:
  [0] 0x00007FF614CB592D
  [1] 0x00007FF614CAAC11
  [2] 0x00007FF614CAC329
  [3] 0x00007FFD032CC396
  [4] 0x00007FFD032CA7ED
  [5] 0x00007FF614CAAB80
  [6] 0x00007FF614C71ABB
  [7] 0x00007FF614C2F2F3
  [8] 0x00007FF614D5B662
  [9] 0x00007FF614D5B552

[runLoop] shouldPaint=1
[onFrame] START
[onFrame] beginDraw done, calling onPaint
[onPaint] root: x=0 y=0 w=1536 h=793 children=1
[onPaint] page child: x=0 y=0 w=1536 h=793
[onFrame] onPaint returned
[onFrame] END present hr=0x00000000
[runLoop] waiting waitMs=INFINITE continuous=0 paintDirty=0 layoutDirty=0
[WM_MOUSEMOVE] x=47 y=94
[WM_MOUSEMOVE] x=47 y=100
[PlatformWindow::invalidate] called
[RenderLoop::markDirty] called from:
  [0] 0x00007FF614CB592D
  [1] 0x00007FF614CAAC11
  [2] 0x00007FF614CAC329
  [3] 0x00007FFD032CC396
  [4] 0x00007FFD032CA7ED
  [5] 0x00007FF614CAAB80
  [6] 0x00007FF614C71ABB
  [7] 0x00007FF614C2F2F3
  [8] 0x00007FF614D5B662
  [9] 0x00007FF614D5B552

[runLoop] shouldPaint=1
[onFrame] START
[onFrame] beginDraw done, calling onPaint
[onPaint] root: x=0 y=0 w=1536 h=793 children=1
[onPaint] page child: x=0 y=0 w=1536 h=793
[onFrame] onPaint returned
[onFrame] END present hr=0x00000000
[runLoop] waiting waitMs=INFINITE continuous=0 paintDirty=0 layoutDirty=0
[WM_MOUSEMOVE] x=47 y=106
[WM_MOUSEMOVE] x=47 y=111
[WM_MOUSEMOVE] x=48 y=113
[WM_MOUSEMOVE] x=50 y=117
[WM_MOUSEMOVE] x=51 y=119
[WM_MOUSEMOVE] x=53 y=120
[WM_MOUSEMOVE] x=54 y=123
[WM_MOUSEMOVE] x=57 y=124
[WM_MOUSEMOVE] x=58 y=127
[WM_MOUSEMOVE] x=59 y=127
[WM_MOUSEMOVE] x=61 y=130
[WM_MOUSEMOVE] x=62 y=133
[PlatformWindow::invalidate] called
[RenderLoop::markDirty] called from:
  [0] 0x00007FF614CB592D
  [1] 0x00007FF614CAAC11
  [2] 0x00007FF614CAC329
  [3] 0x00007FFD032CC396
  [4] 0x00007FFD032CA7ED
  [5] 0x00007FF614CAAB80
  [6] 0x00007FF614C71ABB
  [7] 0x00007FF614C2F2F3
  [8] 0x00007FF614D5B662
  [9] 0x00007FF614D5B552

[runLoop] shouldPaint=1
[onFrame] START
[onFrame] beginDraw done, calling onPaint
[onPaint] root: x=0 y=0 w=1536 h=793 children=1
[onPaint] page child: x=0 y=0 w=1536 h=793
[onFrame] onPaint returned
[onFrame] END present hr=0x00000000
[runLoop] waiting waitMs=INFINITE continuous=0 paintDirty=0 layoutDirty=0
[WM_MOUSEMOVE] x=64 y=135
[WM_MOUSEMOVE] x=65 y=139
[WM_MOUSEMOVE] x=66 y=142
[WM_MOUSEMOVE] x=66 y=145
[PlatformWindow::invalidate] called
[RenderLoop::markDirty] called from:
  [0] 0x00007FF614CB592D
  [1] 0x00007FF614CAAC11
  [2] 0x00007FF614CAC329
  [3] 0x00007FFD032CC396
  [4] 0x00007FFD032CA7ED
  [5] 0x00007FF614CAAB80
  [6] 0x00007FF614C71ABB
  [7] 0x00007FF614C2F2F3
  [8] 0x00007FF614D5B662
  [9] 0x00007FF614D5B552

[runLoop] shouldPaint=1
[onFrame] START
[onFrame] beginDraw done, calling onPaint
[onPaint] root: x=0 y=0 w=1536 h=793 children=1
[onPaint] page child: x=0 y=0 w=1536 h=793
[onFrame] onPaint returned
[onFrame] END present hr=0x00000000
[runLoop] waiting waitMs=INFINITE continuous=0 paintDirty=0 layoutDirty=0
[WM_MOUSEMOVE] x=67 y=147
[WM_MOUSEMOVE] x=68 y=148
[WM_MOUSEMOVE] x=69 y=151
[WM_MOUSEMOVE] x=69 y=151
[WM_MOUSEMOVE] x=69 y=154
[WM_MOUSEMOVE] x=69 y=155
[WM_MOUSEMOVE] x=69 y=156
[WM_MOUSEMOVE] x=70 y=158
[WM_MOUSEMOVE] x=70 y=159
[WM_MOUSEMOVE] x=70 y=159
[WM_MOUSEMOVE] x=71 y=160
[WM_MOUSEMOVE] x=71 y=161
[WM_MOUSEMOVE] x=71 y=162
[WM_MOUSEMOVE] x=71 y=163
[WM_MOUSEMOVE] x=72 y=163
[WM_MOUSEMOVE] x=72 y=164
[WM_MOUSEMOVE] x=73 y=164
[WM_MOUSEMOVE] x=73 y=165
[WM_MOUSEMOVE] x=73 y=164
[WM_MOUSEMOVE] x=73 y=163
[WM_MOUSEMOVE] x=72 y=163
[WM_MOUSEMOVE] x=72 y=163
[WM_MOUSEMOVE] x=72 y=162
[WM_MOUSEMOVE] x=71 y=162
[WM_MOUSEMOVE] x=70 y=161
[WM_MOUSEMOVE] x=70 y=160
[WM_MOUSEMOVE] x=70 y=159
[WM_MOUSEMOVE] x=70 y=159
[WM_MOUSEMOVE] x=70 y=158
[WM_MOUSEMOVE] x=70 y=151
[WM_MOUSEMOVE] x=68 y=143
[WM_MOUSEMOVE] x=67 y=139
[PlatformWindow::invalidate] called
[RenderLoop::markDirty] called from:
  [0] 0x00007FF614CB592D
  [1] 0x00007FF614CAAC11
  [2] 0x00007FF614CAC329
  [3] 0x00007FFD032CC396
  [4] 0x00007FFD032CA7ED
  [5] 0x00007FF614CAAB80
  [6] 0x00007FF614C71ABB
  [7] 0x00007FF614C2F2F3
  [8] 0x00007FF614D5B662
  [9] 0x00007FF614D5B552

[runLoop] shouldPaint=1
[onFrame] START
[onFrame] beginDraw done, calling onPaint
[onPaint] root: x=0 y=0 w=1536 h=793 children=1
[onPaint] page child: x=0 y=0 w=1536 h=793
[onFrame] onPaint returned
[onFrame] END present hr=0x00000000
[runLoop] waiting waitMs=INFINITE continuous=0 paintDirty=0 layoutDirty=0
[WM_MOUSEMOVE] x=66 y=135
[WM_MOUSEMOVE] x=66 y=131
[WM_MOUSEMOVE] x=65 y=128
[PlatformWindow::invalidate] called
[RenderLoop::markDirty] called from:
  [0] 0x00007FF614CB592D
  [1] 0x00007FF614CAAC11
  [2] 0x00007FF614CAC329
  [3] 0x00007FFD032CC396
  [4] 0x00007FFD032CA7ED
  [5] 0x00007FF614CAAB80
  [6] 0x00007FF614C71ABB
  [7] 0x00007FF614C2F2F3
  [8] 0x00007FF614D5B662
  [9] 0x00007FF614D5B552

[runLoop] shouldPaint=1
[onFrame] START
[onFrame] beginDraw done, calling onPaint
[onPaint] root: x=0 y=0 w=1536 h=793 children=1
[onPaint] page child: x=0 y=0 w=1536 h=793
[onFrame] onPaint returned
[onFrame] END present hr=0x00000000
[runLoop] waiting waitMs=INFINITE continuous=0 paintDirty=0 layoutDirty=0
[WM_MOUSEMOVE] x=65 y=127
[WM_MOUSEMOVE] x=64 y=126
[WM_MOUSEMOVE] x=64 y=124
[WM_MOUSEMOVE] x=64 y=123
[WM_MOUSEMOVE] x=64 y=123
[WM_MOUSEMOVE] x=64 y=122
[WM_MOUSEMOVE] x=63 y=121
[WM_MOUSEMOVE] x=63 y=120
[WM_MOUSEMOVE] x=63 y=119
[WM_MOUSEMOVE] x=63 y=119
[WM_MOUSEMOVE] x=63 y=118
[PlatformWindow::invalidate] called
[RenderLoop::markDirty] called from:
  [0] 0x00007FF614CB592D
  [1] 0x00007FF614CAAC11
  [2] 0x00007FF614CABF94
  [3] 0x00007FFD032CC396
  [4] 0x00007FFD032CA7ED
  [5] 0x00007FF614CAAB80
  [6] 0x00007FF614C71ABB
  [7] 0x00007FF614C2F2F3
  [8] 0x00007FF614D5B662
  [9] 0x00007FF614D5B552

[runLoop] shouldPaint=1
[onFrame] START
[onFrame] beginDraw done, calling onPaint
[onPaint] root: x=0 y=0 w=1536 h=793 children=1
[onPaint] page child: x=0 y=0 w=1536 h=793
[onFrame] onPaint returned
[onFrame] END present hr=0x00000000
[runLoop] waiting waitMs=INFINITE continuous=0 paintDirty=0 layoutDirty=0
[PlatformWindow::invalidateRect] x=0 y=0 w=1536 h=793
[RenderLoop::markDirty] called from:
  [0] 0x00007FF614CB592D
  [1] 0x00007FF614CAAF98
  [2] 0x00007FF614C70C3C
  [3] 0x00007FF614C6E4E6
  [4] 0x00007FF614C5D0AC
  [5] 0x00007FF614C6879F
  [6] 0x00007FF614C50C75
  [7] 0x00007FF614C468C4
  [8] 0x00007FF614C554CB
  [9] 0x00007FF614C51480

[PlatformWindow::invalidate] called
[RenderLoop::markDirty] called from:
  [0] 0x00007FF614CB592D
  [1] 0x00007FF614CAAC11
  [2] 0x00007FF614CAC0D6
  [3] 0x00007FFD032CC396
  [4] 0x00007FFD032CA7ED
  [5] 0x00007FF614CAAB80
  [6] 0x00007FF614C71ABB
  [7] 0x00007FF614C2F2F3
  [8] 0x00007FF614D5B662
  [9] 0x00007FF614D5B552

[runLoop] shouldPaint=1
[onFrame] START
[onFrame] beginDraw done, calling onPaint
[onPaint] root: x=0 y=0 w=1536 h=793 children=1
[onPaint] page child: x=0 y=0 w=1536 h=793
[onFrame] onPaint returned
[WM_MOUSEMOVE] x=63 y=118
[PlatformWindow::invalidate] called
[RenderLoop::markDirty] called from:
  [0] 0x00007FF614CB592D
  [1] 0x00007FF614CAAC11
  [2] 0x00007FF614CAC329
  [3] 0x00007FFD032CC396
  [4] 0x00007FFD032CA7ED
  [5] 0x00007FF614CAAB80
  [6] 0x00007FF614C71ABB
  [7] 0x00007FF614C2F2F3
  [8] 0x00007FF614D5B662
  [9] 0x00007FF614D5B552

[onFrame] END present hr=0x00000000
[runLoop] waiting waitMs=INFINITE continuous=0 paintDirty=1 layoutDirty=0
[runLoop] shouldPaint=1
[onFrame] START
[onFrame] beginDraw done, calling onPaint
[onPaint] root: x=0 y=0 w=1536 h=793 children=1
[onPaint] page child: x=0 y=0 w=1536 h=793
[onFrame] onPaint returned
[onFrame] END present hr=0x00000000
[runLoop] waiting waitMs=INFINITE continuous=0 paintDirty=0 layoutDirty=0
[WM_MOUSEMOVE] x=74 y=133
[PlatformWindow::invalidate] called
[RenderLoop::markDirty] called from:
  [0] 0x00007FF614CB592D
  [1] 0x00007FF614CAAC11
  [2] 0x00007FF614CAC329
  [3] 0x00007FFD032CC396
  [4] 0x00007FFD032CA7ED
  [5] 0x00007FF614CAAB80
  [6] 0x00007FF614C71ABB
  [7] 0x00007FF614C2F2F3
  [8] 0x00007FF614D5B662
  [9] 0x00007FF614D5B552

[runLoop] shouldPaint=1
[onFrame] START
[onFrame] beginDraw done, calling onPaint
[onPaint] root: x=0 y=0 w=1536 h=793 children=1
[onPaint] page child: x=0 y=0 w=1536 h=793
[onFrame] onPaint returned
[onFrame] END present hr=0x00000000
[runLoop] waiting waitMs=INFINITE continuous=0 paintDirty=0 layoutDirty=0
[WM_MOUSEMOVE] x=88 y=159
[PlatformWindow::invalidate] called
[RenderLoop::markDirty] called from:
  [0] 0x00007FF614CB592D
  [1] 0x00007FF614CAAC11
  [2] 0x00007FF614CAC329
  [3] 0x00007FFD032CC396
  [4] 0x00007FFD032CA7ED
  [5] 0x00007FF614CAAB80
  [6] 0x00007FF614C71ABB
  [7] 0x00007FF614C2F2F3
  [8] 0x00007FF614D5B662
  [9] 0x00007FF614D5B552

[runLoop] shouldPaint=1
[onFrame] START
[onFrame] beginDraw done, calling onPaint
[onPaint] root: x=0 y=0 w=1536 h=793 children=1
[onPaint] page child: x=0 y=0 w=1536 h=793
[onFrame] onPaint returned
[onFrame] END present hr=0x00000000
[runLoop] waiting waitMs=INFINITE continuous=0 paintDirty=0 layoutDirty=0
[WM_MOUSEMOVE] x=104 y=189
[PlatformWindow::invalidate] called
[RenderLoop::markDirty] called from:
  [0] 0x00007FF614CB592D
  [1] 0x00007FF614CAAC11
  [2] 0x00007FF614CAC329
  [3] 0x00007FFD032CC396
  [4] 0x00007FFD032CA7ED
  [5] 0x00007FF614CAAB80
  [6] 0x00007FF614C71ABB
  [7] 0x00007FF614C2F2F3
  [8] 0x00007FF614D5B662
  [9] 0x00007FF614D5B552

[runLoop] shouldPaint=1
[onFrame] START
[onFrame] beginDraw done, calling onPaint
[onPaint] root: x=0 y=0 w=1536 h=793 children=1
[onPaint] page child: x=0 y=0 w=1536 h=793
[onFrame] onPaint returned
[onFrame] END present hr=0x00000000
[runLoop] waiting waitMs=INFINITE continuous=0 paintDirty=0 layoutDirty=0
[WM_MOUSEMOVE] x=118 y=213
[PlatformWindow::invalidate] called
[RenderLoop::markDirty] called from:
  [0] 0x00007FF614CB592D
  [1] 0x00007FF614CAAC11
  [2] 0x00007FF614CAC329
  [3] 0x00007FFD032CC396
  [4] 0x00007FFD032CA7ED
  [5] 0x00007FF614CAAB80
  [6] 0x00007FF614C71ABB
  [7] 0x00007FF614C2F2F3
  [8] 0x00007FF614D5B662
  [9] 0x00007FF614D5B552

[runLoop] shouldPaint=1
[onFrame] START
[onFrame] beginDraw done, calling onPaint
[onPaint] root: x=0 y=0 w=1536 h=793 children=1
[onPaint] page child: x=0 y=0 w=1536 h=793
[onFrame] onPaint returned
[onFrame] END present hr=0x00000000
[runLoop] waiting waitMs=INFINITE continuous=0 paintDirty=0 layoutDirty=0
[WM_MOUSEMOVE] x=130 y=234
[WM_MOUSEMOVE] x=142 y=259
[WM_MOUSEMOVE] x=152 y=283
[WM_MOUSEMOVE] x=161 y=300
[WM_MOUSEMOVE] x=171 y=317
[WM_MOUSEMOVE] x=182 y=333
[WM_MOUSEMOVE] x=197 y=351
[WM_MOUSEMOVE] x=207 y=365
[WM_MOUSEMOVE] x=217 y=375
[WM_MOUSEMOVE] x=260 y=399
[WM_MOUSEMOVE] x=309 y=436
[WM_MOUSEMOVE] x=360 y=469
[WM_MOUSEMOVE] x=401 y=496
[WM_MOUSEMOVE] x=434 y=522
[WM_MOUSEMOVE] x=462 y=547
[WM_MOUSEMOVE] x=484 y=563
[WM_MOUSEMOVE] x=503 y=576
[WM_MOUSEMOVE] x=519 y=585
[WM_MOUSEMOVE] x=530 y=591
[WM_MOUSEMOVE] x=539 y=597
[WM_MOUSEMOVE] x=541 y=598
[WM_MOUSEMOVE] x=566 y=619
[WM_MOUSEMOVE] x=603 y=655
[WM_MOUSEMOVE] x=642 y=687
[WM_MOUSEMOVE] x=674 y=722
[WM_MOUSEMOVE] x=702 y=753
[WM_MOUSEMOVE] x=722 y=775
[WM_MOUSEMOVE] x=733 y=790
[PlatformWindow::invalidate] called
[RenderLoop::markDirty] called from:
  [0] 0x00007FF614CB592D
  [1] 0x00007FF614CAAC11
  [2] 0x00007FF614CAC378
  [3] 0x00007FFD032CC396
  [4] 0x00007FFD032CA7ED
  [5] 0x00007FF614CAAB80
  [6] 0x00007FF614C71ABB
  [7] 0x00007FF614C2F2F3
  [8] 0x00007FF614D5B662
  [9] 0x00007FF614D5B552

[runLoop] shouldPaint=1
[onFrame] START
[onFrame] beginDraw done, calling onPaint
[onPaint] root: x=0 y=0 w=1536 h=793 children=1
[onPaint] page child: x=0 y=0 w=1536 h=793
[onFrame] onPaint returned
[onFrame] END present hr=0x00000000
[runLoop] waiting waitMs=INFINITE continuous=0 paintDirty=0 layoutDirty=0
[WM_MOUSEMOVE] x=1144 y=667
[PlatformWindow::invalidate] called
[RenderLoop::markDirty] called from:
  [0] 0x00007FF614CB592D
  [1] 0x00007FF614CAAC11
  [2] 0x00007FF614CAC329
  [3] 0x00007FFD032CC396
  [4] 0x00007FFD032CA7ED
  [5] 0x00007FF614CAAB80
  [6] 0x00007FF614C71ABB
  [7] 0x00007FF614C2F2F3
  [8] 0x00007FF614D5B662
  [9] 0x00007FF614D5B552

[runLoop] shouldPaint=1
[onFrame] START
[onFrame] beginDraw done, calling onPaint
[onPaint] root: x=0 y=0 w=1536 h=793 children=1
[onPaint] page child: x=0 y=0 w=1536 h=793
[onFrame] onPaint returned
[onFrame] END present hr=0x00000000
[runLoop] waiting waitMs=INFINITE continuous=0 paintDirty=0 layoutDirty=0
[WM_MOUSEMOVE] x=1139 y=631
[WM_MOUSEMOVE] x=1127 y=571
[WM_MOUSEMOVE] x=1119 y=511
[WM_MOUSEMOVE] x=1110 y=452
[WM_MOUSEMOVE] x=1102 y=395
[WM_MOUSEMOVE] x=1101 y=345
[WM_MOUSEMOVE] x=1099 y=299
[WM_MOUSEMOVE] x=1099 y=258
[WM_MOUSEMOVE] x=1102 y=222
[WM_MOUSEMOVE] x=1106 y=187
[WM_MOUSEMOVE] x=1113 y=161
[WM_MOUSEMOVE] x=1121 y=139
[WM_MOUSEMOVE] x=1133 y=118
[WM_MOUSEMOVE] x=1145 y=96
[WM_MOUSEMOVE] x=1162 y=74
[WM_MOUSEMOVE] x=1183 y=53
[WM_MOUSEMOVE] x=1206 y=23
[PlatformWindow::invalidate] called
[RenderLoop::markDirty] called from:
  [0] 0x00007FF614CB592D
  [1] 0x00007FF614CAAC11
  [2] 0x00007FF614CAC378
  [3] 0x00007FFD032CC396
  [4] 0x00007FFD032CA7ED
  [5] 0x00007FF614CAAB80
  [6] 0x00007FF614C71ABB
  [7] 0x00007FF614C2F2F3
  [8] 0x00007FF614D5B662
  [9] 0x00007FF614D5B552

[runLoop] shouldPaint=1
[onFrame] START
[onFrame] beginDraw done, calling onPaint
[onPaint] root: x=0 y=0 w=1536 h=793 children=1
[onPaint] page child: x=0 y=0 w=1536 h=793
[onFrame] onPaint returned
[onFrame] END present hr=0x00000000
[runLoop] waiting waitMs=INFINITE continuous=0 paintDirty=0 layoutDirty=0
